src/defi/universal/UniversalDeFiOrchestrator.ts(70,11): error TS2367: This comparison appears to be unintentional because the types 'SupportedProtocol | undefined' and '"uniswap-v3"' have no overlap.
src/defi/universal/UniversalDeFiOrchestrator.ts(70,48): error TS2367: This comparison appears to be unintentional because the types 'SupportedProtocol | undefined' and '"aave"' have no overlap.
src/defi/universal/UniversalDeFiOrchestrator.ts(203,9): error TS2367: This comparison appears to be unintentional because the types 'SupportedProtocol | undefined' and '"uniswap-v3"' have no overlap.
src/defi/universal/UniversalDeFiOrchestrator.ts(203,46): error TS2367: This comparison appears to be unintentional because the types 'DeFiCapability' and '"SWAP"' have no overlap.
src/defi/universal/UniversalDeFiOrchestrator.ts(209,32): error TS2339: Property 'params' does not exist on type 'UniversalDeFiRequest'.
src/defi/universal/UniversalDeFiOrchestrator.ts(212,16): error TS2367: This comparison appears to be unintentional because the types 'SupportedProtocol | undefined' and '"aave"' have no overlap.
src/defi/universal/UniversalDeFiOrchestrator.ts(212,47): error TS2367: This comparison appears to be unintentional because the types 'DeFiCapability' and '"BORROW"' have no overlap.
src/defi/universal/UniversalDeFiOrchestrator.ts(216,32): error TS2339: Property 'params' does not exist on type 'UniversalDeFiRequest'.
src/defi/universal/UniversalDeFiOrchestrator.ts(224,9): error TS2322: Type '"unknown" | SupportedProtocol' is not assignable to type 'SupportedProtocol'.
  Type '"unknown"' is not assignable to type 'SupportedProtocol'.
src/defi/universal/UniversalDeFiOrchestrator.ts(240,9): error TS2322: Type '"unknown" | SupportedProtocol' is not assignable to type 'SupportedProtocol'.
  Type '"unknown"' is not assignable to type 'SupportedProtocol'.
src/defi/universal/UniversalDeFiOrchestrator.ts(242,11): error TS2322: Type '{ signatures: any[]; status: string; } | null' is not assignable to type 'DeFiExecutionResult | null'.
  Object literal may only specify known properties, but 'signatures' does not exist in type 'DeFiExecutionResult'. Did you mean to write 'signature'?
src/defi/universal/UniversalDeFiOrchestrator.ts(250,9): error TS2322: Type '"unknown" | SupportedProtocol' is not assignable to type 'SupportedProtocol'.
  Type '"unknown"' is not assignable to type 'SupportedProtocol'.
src/policy/sandbox/SandboxExecutor.ts(249,34): error TS2554: Expected 2 arguments, but got 1.
